// Jest Snapshot v1, https://goo.gl/fbAQLP

exports[`<AddressBox /> should render address properly 1`] = `
.c3 {
  display: inline-block;
  -webkit-flex: 0 0 auto;
  -ms-flex: 0 0 auto;
  flex: 0 0 auto;
  width: 18px;
  height: 18px;
  fill: #666666;
  stroke: #666666;
}

.c3 g {
  fill: inherit;
  stroke: inherit;
}

.c3 *:not([stroke])[fill='none'] {
  stroke-width: 0;
}

.c3 *[stroke*='#'],.c3 *[STROKE*='#'] {
  stroke: inherit;
  fill: none;
}

.c3 *[fill-rule],
.c3 *[FILL-RULE],
.c3 *[fill*='#'],.c3 *[FILL*='#'] {
  fill: inherit;
  stroke: none;
}

.c0 {
  display: -webkit-box;
  display: -webkit-flex;
  display: -ms-flexbox;
  display: flex;
  box-sizing: border-box;
  max-width: 100%;
  -webkit-align-items: center;
  -webkit-box-align: center;
  -ms-flex-align: center;
  align-items: center;
  min-width: 0;
  min-height: 0;
  -webkit-flex-direction: row;
  -ms-flex-direction: row;
  flex-direction: row;
  padding-right: 12px;
  border-radius: 5px;
}

.c1 {
  display: -webkit-box;
  display: -webkit-flex;
  display: -ms-flexbox;
  display: flex;
  box-sizing: border-box;
  max-width: 100%;
  margin-right: 48px;
  -webkit-align-items: center;
  -webkit-box-align: center;
  -ms-flex-align: center;
  align-items: center;
  min-width: 0;
  min-height: 0;
  -webkit-flex-direction: row;
  -ms-flex-direction: row;
  flex-direction: row;
  width: 690px;
  -webkit-flex: 1 1;
  -ms-flex: 1 1;
  flex: 1 1;
  padding-bottom: 6px;
}

.c4 {
  display: -webkit-box;
  display: -webkit-flex;
  display: -ms-flexbox;
  display: flex;
  box-sizing: border-box;
  max-width: 100%;
  min-width: 0;
  min-height: 0;
  -webkit-flex-direction: row;
  -ms-flex-direction: row;
  flex-direction: row;
  -webkit-flex: 1 0 auto;
  -ms-flex: 1 0 auto;
  flex: 1 0 auto;
}

.c5 {
  font-size: 18px;
  line-height: 24px;
  font-weight: bold;
  word-break: break-word;
}

.c6 {
  font-size: 18px;
  line-height: 24px;
}

.c2 {
  display: inline-block;
  box-sizing: border-box;
  cursor: pointer;
  font: inherit;
  -webkit-text-decoration: none;
  text-decoration: none;
  margin: 0;
  background: transparent;
  overflow: visible;
  text-transform: none;
  color: inherit;
  outline: none;
  border: none;
  padding: 0;
  text-align: inherit;
  line-height: 0;
  padding: 12px;
}

.c2:focus {
  outline: none;
  box-shadow: 0 0 2px 2px #6FFFB0;
}

.c2:focus > circle,
.c2:focus > ellipse,
.c2:focus > line,
.c2:focus > path,
.c2:focus > polygon,
.c2:focus > polyline,
.c2:focus > rect {
  outline: none;
  box-shadow: 0 0 2px 2px #6FFFB0;
}

.c2:focus::-moz-focus-inner {
  border: 0;
}

.c2:focus:not(:focus-visible) {
  outline: none;
  box-shadow: none;
}

.c2:focus:not(:focus-visible) > circle,.c2:focus:not(:focus-visible) > ellipse,
.c2:focus:not(:focus-visible) > line,.c2:focus:not(:focus-visible) > path,
.c2:focus:not(:focus-visible) > polygon,.c2:focus:not(:focus-visible) > polyline,
.c2:focus:not(:focus-visible) > rect {
  outline: none;
  box-shadow: none;
}

.c2:focus:not(:focus-visible)::-moz-focus-inner {
  border: 0;
}

@media only screen and (max-width:768px) {
  .c0 {
    padding-right: 6px;
  }
}

@media only screen and (max-width:768px) {
  .c1 {
    margin-right: 24px;
  }
}

@media only screen and (max-width:768px) {
  .c1 {
    padding-bottom: 3px;
  }
}

<div>
  <div
    class="c0"
  >
    <div
      class="c1"
    >
      <button
        class="c2"
        data-testid="copy-address-icon"
        type="button"
      >
        <svg
          aria-label="Copy"
          class="c3"
          viewBox="0 0 24 24"
        >
          <path
            d="M9 15h8-8zm0-4h10H9zm0-4h4-4zm7-6v6h6M6 5H2v18h16v-4m4 0H6V1h11l5 5v13z"
            fill="none"
            stroke="#000"
            stroke-width="2"
          />
        </svg>
      </button>
      <div
        class="c4"
      >
        <span
          class="c5"
          style="display: inline-flex; align-items: center; justify-content: space-between; flex: 1;"
        >
          <span
            class="c6"
            style="font-family: Roboto mono; letter-spacing: 0;"
          >
            <span
              class="notranslate"
              translate="no"
            >
              oasis1 qqur xkga vtcj jytn eume clx5 9ds3 avja qg7f tqph
            </span>
          </span>
        </span>
      </div>
    </div>
  </div>
</div>
`;

exports[`<EditableNameBox /> should render name properly 1`] = `
.c5 {
  display: inline-block;
  -webkit-flex: 0 0 auto;
  -ms-flex: 0 0 auto;
  flex: 0 0 auto;
  width: 16px;
  height: 16px;
  fill: link;
  stroke: link;
}

.c5 g {
  fill: inherit;
  stroke: inherit;
}

.c5 *:not([stroke])[fill='none'] {
  stroke-width: 0;
}

.c5 *[stroke*='#'],.c5 *[STROKE*='#'] {
  stroke: inherit;
  fill: none;
}

.c5 *[fill-rule],
.c5 *[FILL-RULE],
.c5 *[fill*='#'],.c5 *[FILL*='#'] {
  fill: inherit;
  stroke: none;
}

.c10 {
  display: inline-block;
  -webkit-flex: 0 0 auto;
  -ms-flex: 0 0 auto;
  flex: 0 0 auto;
  width: 18px;
  height: 18px;
  fill: currentColor;
  stroke: currentColor;
}

.c10 g {
  fill: inherit;
  stroke: inherit;
}

.c10 *:not([stroke])[fill='none'] {
  stroke-width: 0;
}

.c10 *[stroke*='#'],.c10 *[STROKE*='#'] {
  stroke: inherit;
  fill: none;
}

.c10 *[fill-rule],
.c10 *[FILL-RULE],
.c10 *[fill*='#'],.c10 *[FILL*='#'] {
  fill: inherit;
  stroke: none;
}

.c0 {
  display: -webkit-box;
  display: -webkit-flex;
  display: -ms-flexbox;
  display: flex;
  box-sizing: border-box;
  max-width: 100%;
  -webkit-align-items: center;
  -webkit-box-align: center;
  -ms-flex-align: center;
  align-items: center;
  min-width: 0;
  min-height: 0;
  -webkit-flex-direction: row;
  -ms-flex-direction: row;
  flex-direction: row;
  padding-right: 12px;
  border-radius: 5px;
}

.c1 {
  display: -webkit-box;
  display: -webkit-flex;
  display: -ms-flexbox;
  display: flex;
  box-sizing: border-box;
  max-width: 100%;
  margin-right: 48px;
  -webkit-align-items: center;
  -webkit-box-align: center;
  -ms-flex-align: center;
  align-items: center;
  border-bottom: solid 1px background-front-border;
  min-width: 0;
  min-height: 0;
  -webkit-flex-direction: row;
  -ms-flex-direction: row;
  flex-direction: row;
  width: 690px;
  -webkit-flex: 1 1;
  -ms-flex: 1 1;
  flex: 1 1;
  padding-bottom: 6px;
}

.c2 {
  display: -webkit-box;
  display: -webkit-flex;
  display: -ms-flexbox;
  display: flex;
  box-sizing: border-box;
  max-width: 100%;
  min-width: 0;
  min-height: 0;
  -webkit-flex-direction: row;
  -ms-flex-direction: row;
  flex-direction: row;
  -webkit-flex: 1 0 auto;
  -ms-flex: 1 0 auto;
  flex: 1 0 auto;
}

.c8 {
  display: -webkit-box;
  display: -webkit-flex;
  display: -ms-flexbox;
  display: flex;
  box-sizing: border-box;
  max-width: 100%;
  -webkit-align-items: center;
  -webkit-box-align: center;
  -ms-flex-align: center;
  align-items: center;
  min-width: 0;
  min-height: 0;
  -webkit-flex-direction: row;
  -ms-flex-direction: row;
  flex-direction: row;
  -webkit-box-pack: center;
  -webkit-justify-content: center;
  -ms-flex-pack: center;
  justify-content: center;
}

.c9 {
  -webkit-flex: 0 0 auto;
  -ms-flex: 0 0 auto;
  flex: 0 0 auto;
  -webkit-align-self: stretch;
  -ms-flex-item-align: stretch;
  align-self: stretch;
  width: 12px;
}

.c3 {
  font-size: 18px;
  line-height: 24px;
  font-weight: bold;
  word-break: break-word;
}

.c4 {
  display: inline-block;
  box-sizing: border-box;
  cursor: pointer;
  font: inherit;
  -webkit-text-decoration: none;
  text-decoration: none;
  margin: 0;
  background: transparent;
  overflow: visible;
  text-transform: none;
  color: inherit;
  outline: none;
  border: none;
  padding: 0;
  text-align: inherit;
  line-height: 0;
  padding: 12px;
}

.c4:focus {
  outline: none;
  box-shadow: 0 0 2px 2px #6FFFB0;
}

.c4:focus > circle,
.c4:focus > ellipse,
.c4:focus > line,
.c4:focus > path,
.c4:focus > polygon,
.c4:focus > polyline,
.c4:focus > rect {
  outline: none;
  box-shadow: 0 0 2px 2px #6FFFB0;
}

.c4:focus::-moz-focus-inner {
  border: 0;
}

.c4:focus:not(:focus-visible) {
  outline: none;
  box-shadow: none;
}

.c4:focus:not(:focus-visible) > circle,.c4:focus:not(:focus-visible) > ellipse,
.c4:focus:not(:focus-visible) > line,.c4:focus:not(:focus-visible) > path,
.c4:focus:not(:focus-visible) > polygon,.c4:focus:not(:focus-visible) > polyline,
.c4:focus:not(:focus-visible) > rect {
  outline: none;
  box-shadow: none;
}

.c4:focus:not(:focus-visible)::-moz-focus-inner {
  border: 0;
}

.c6 {
  display: inline-block;
  box-sizing: border-box;
  cursor: pointer;
  font: inherit;
  -webkit-text-decoration: none;
  text-decoration: none;
  margin: 0;
  background: transparent;
  overflow: visible;
  text-transform: none;
  border: 2px solid #7D4CDB;
  border-radius: 18px;
  color: #444444;
  padding: 4px 22px;
  font-size: 18px;
  line-height: 24px;
  -webkit-transition-property: color,background-color,border-color,box-shadow;
  transition-property: color,background-color,border-color,box-shadow;
  -webkit-transition-duration: 0.1s;
  transition-duration: 0.1s;
  -webkit-transition-timing-function: ease-in-out;
  transition-timing-function: ease-in-out;
}

.c6:hover {
  box-shadow: 0px 0px 0px 2px #7D4CDB;
}

.c6:focus {
  outline: none;
  box-shadow: 0 0 2px 2px #6FFFB0;
}

.c6:focus > circle,
.c6:focus > ellipse,
.c6:focus > line,
.c6:focus > path,
.c6:focus > polygon,
.c6:focus > polyline,
.c6:focus > rect {
  outline: none;
  box-shadow: 0 0 2px 2px #6FFFB0;
}

.c6:focus::-moz-focus-inner {
  border: 0;
}

.c6:focus:not(:focus-visible) {
  outline: none;
  box-shadow: none;
}

.c6:focus:not(:focus-visible) > circle,.c6:focus:not(:focus-visible) > ellipse,
.c6:focus:not(:focus-visible) > line,.c6:focus:not(:focus-visible) > path,
.c6:focus:not(:focus-visible) > polygon,.c6:focus:not(:focus-visible) > polyline,
.c6:focus:not(:focus-visible) > rect {
  outline: none;
  box-shadow: none;
}

.c6:focus:not(:focus-visible)::-moz-focus-inner {
  border: 0;
}

.c7 {
  background-color: background-custom-2;
  border-width: 1px;
  color: text-custom;
}

@media only screen and (max-width:768px) {
  .c0 {
    padding-right: 6px;
  }
}

@media only screen and (max-width:768px) {
  .c1 {
    margin-right: 24px;
  }
}

@media only screen and (max-width:768px) {
  .c1 {
    border-bottom: solid 1px background-front-border;
  }
}

@media only screen and (max-width:768px) {
  .c1 {
    padding-bottom: 3px;
  }
}

<div>
  <div
    class="c0"
  >
    <div
      class="c1"
    >
      <div
        class="c2"
      >
        <span
          class="c3"
          style="display: inline-flex; align-items: center; justify-content: space-between; flex: 1;"
        >
          My Wallet
        </span>
        <button
          class="c4"
          type="button"
        >
          <svg
            aria-label="Edit"
            class="c5"
            data-testid="editable-name-edit-button"
            viewBox="0 0 24 24"
          >
            <path
              d="m14 4 6 6-6-6zm8.294 1.294c.39.39.387 1.025-.008 1.42L9 20l-7 2 2-7L17.286 1.714a1 1 0 0 1 1.42-.008l3.588 3.588zM3 19l2 2m2-4 8-8"
              fill="none"
              stroke="#000"
              stroke-width="2"
            />
          </svg>
        </button>
      </div>
    </div>
    <button
      class="c6 c7"
      data-testid="copy-address-button"
      type="button"
    >
      <div
        class="c8"
      >
        oasis1qq...7ftqph
        <div
          class="c9"
        />
        <svg
          aria-label="Copy"
          class="c10"
          viewBox="0 0 24 24"
        >
          <path
            d="M9 15h8-8zm0-4h10H9zm0-4h4-4zm7-6v6h6M6 5H2v18h16v-4m4 0H6V1h11l5 5v13z"
            fill="none"
            stroke="#000"
            stroke-width="2"
          />
        </svg>
      </div>
    </button>
  </div>
</div>
`;
